Archive member included to satisfy reference by file (symbol)

../libopencm3-examples/libopencm3//lib/libopencm3_stm32f0.a(gpio_common_all.o)
                              sandbox.o (gpio_toggle)
../libopencm3-examples/libopencm3//lib/libopencm3_stm32f0.a(gpio_common_f0234.o)
                              sandbox.o (gpio_mode_setup)
../libopencm3-examples/libopencm3//lib/libopencm3_stm32f0.a(rcc_common_all.o)
                              sandbox.o (rcc_periph_clock_enable)
../libopencm3-examples/libopencm3//lib/libopencm3_stm32f0.a(vector.o)
                              (reset_handler)

Discarded input sections

 .text          0x0000000000000000        0x0 sandbox.o
 .data          0x0000000000000000        0x0 sandbox.o
 .bss           0x0000000000000000        0x0 sandbox.o
 .group         0x0000000000000000        0x8 ../libopencm3-examples/libopencm3//lib/libopencm3_stm32f0.a(gpio_common_all.o)
 .group         0x0000000000000000        0x8 ../libopencm3-examples/libopencm3//lib/libopencm3_stm32f0.a(gpio_common_all.o)
 .group         0x0000000000000000        0x8 ../libopencm3-examples/libopencm3//lib/libopencm3_stm32f0.a(gpio_common_all.o)
 .group         0x0000000000000000        0x8 ../libopencm3-examples/libopencm3//lib/libopencm3_stm32f0.a(gpio_common_all.o)
 .group         0x0000000000000000        0x8 ../libopencm3-examples/libopencm3//lib/libopencm3_stm32f0.a(gpio_common_all.o)
 .group         0x0000000000000000        0x8 ../libopencm3-examples/libopencm3//lib/libopencm3_stm32f0.a(gpio_common_all.o)
 .group         0x0000000000000000        0x8 ../libopencm3-examples/libopencm3//lib/libopencm3_stm32f0.a(gpio_common_all.o)
 .group         0x0000000000000000        0x8 ../libopencm3-examples/libopencm3//lib/libopencm3_stm32f0.a(gpio_common_all.o)
 .group         0x0000000000000000        0x8 ../libopencm3-examples/libopencm3//lib/libopencm3_stm32f0.a(gpio_common_all.o)
 .group         0x0000000000000000        0x8 ../libopencm3-examples/libopencm3//lib/libopencm3_stm32f0.a(gpio_common_all.o)
 .group         0x0000000000000000        0x8 ../libopencm3-examples/libopencm3//lib/libopencm3_stm32f0.a(gpio_common_all.o)
 .group         0x0000000000000000        0x8 ../libopencm3-examples/libopencm3//lib/libopencm3_stm32f0.a(gpio_common_all.o)
 .group         0x0000000000000000        0x8 ../libopencm3-examples/libopencm3//lib/libopencm3_stm32f0.a(gpio_common_all.o)
 .group         0x0000000000000000        0x8 ../libopencm3-examples/libopencm3//lib/libopencm3_stm32f0.a(gpio_common_all.o)
 .text          0x0000000000000000        0x0 ../libopencm3-examples/libopencm3//lib/libopencm3_stm32f0.a(gpio_common_all.o)
 .data          0x0000000000000000        0x0 ../libopencm3-examples/libopencm3//lib/libopencm3_stm32f0.a(gpio_common_all.o)
 .bss           0x0000000000000000        0x0 ../libopencm3-examples/libopencm3//lib/libopencm3_stm32f0.a(gpio_common_all.o)
 .text.gpio_set
                0x0000000000000000        0x4 ../libopencm3-examples/libopencm3//lib/libopencm3_stm32f0.a(gpio_common_all.o)
 .text.gpio_clear
                0x0000000000000000        0x6 ../libopencm3-examples/libopencm3//lib/libopencm3_stm32f0.a(gpio_common_all.o)
 .text.gpio_get
                0x0000000000000000        0x6 ../libopencm3-examples/libopencm3//lib/libopencm3_stm32f0.a(gpio_common_all.o)
 .text.gpio_port_read
                0x0000000000000000        0x6 ../libopencm3-examples/libopencm3//lib/libopencm3_stm32f0.a(gpio_common_all.o)
 .text.gpio_port_write
                0x0000000000000000        0x4 ../libopencm3-examples/libopencm3//lib/libopencm3_stm32f0.a(gpio_common_all.o)
 .text.gpio_port_config_lock
                0x0000000000000000       0x12 ../libopencm3-examples/libopencm3//lib/libopencm3_stm32f0.a(gpio_common_all.o)
 .group         0x0000000000000000        0x8 ../libopencm3-examples/libopencm3//lib/libopencm3_stm32f0.a(gpio_common_f0234.o)
 .group         0x0000000000000000        0x8 ../libopencm3-examples/libopencm3//lib/libopencm3_stm32f0.a(gpio_common_f0234.o)
 .group         0x0000000000000000        0x8 ../libopencm3-examples/libopencm3//lib/libopencm3_stm32f0.a(gpio_common_f0234.o)
 .group         0x0000000000000000        0x8 ../libopencm3-examples/libopencm3//lib/libopencm3_stm32f0.a(gpio_common_f0234.o)
 .group         0x0000000000000000        0x8 ../libopencm3-examples/libopencm3//lib/libopencm3_stm32f0.a(gpio_common_f0234.o)
 .group         0x0000000000000000        0x8 ../libopencm3-examples/libopencm3//lib/libopencm3_stm32f0.a(gpio_common_f0234.o)
 .group         0x0000000000000000        0x8 ../libopencm3-examples/libopencm3//lib/libopencm3_stm32f0.a(gpio_common_f0234.o)
 .group         0x0000000000000000        0x8 ../libopencm3-examples/libopencm3//lib/libopencm3_stm32f0.a(gpio_common_f0234.o)
 .group         0x0000000000000000        0x8 ../libopencm3-examples/libopencm3//lib/libopencm3_stm32f0.a(gpio_common_f0234.o)
 .group         0x0000000000000000        0x8 ../libopencm3-examples/libopencm3//lib/libopencm3_stm32f0.a(gpio_common_f0234.o)
 .group         0x0000000000000000        0x8 ../libopencm3-examples/libopencm3//lib/libopencm3_stm32f0.a(gpio_common_f0234.o)
 .group         0x0000000000000000        0x8 ../libopencm3-examples/libopencm3//lib/libopencm3_stm32f0.a(gpio_common_f0234.o)
 .group         0x0000000000000000        0x8 ../libopencm3-examples/libopencm3//lib/libopencm3_stm32f0.a(gpio_common_f0234.o)
 .group         0x0000000000000000        0x8 ../libopencm3-examples/libopencm3//lib/libopencm3_stm32f0.a(gpio_common_f0234.o)
 .text          0x0000000000000000        0x0 ../libopencm3-examples/libopencm3//lib/libopencm3_stm32f0.a(gpio_common_f0234.o)
 .data          0x0000000000000000        0x0 ../libopencm3-examples/libopencm3//lib/libopencm3_stm32f0.a(gpio_common_f0234.o)
 .bss           0x0000000000000000        0x0 ../libopencm3-examples/libopencm3//lib/libopencm3_stm32f0.a(gpio_common_f0234.o)
 .text.gpio_set_output_options
                0x0000000000000000       0x36 ../libopencm3-examples/libopencm3//lib/libopencm3_stm32f0.a(gpio_common_f0234.o)
 .text.gpio_set_af
                0x0000000000000000       0x4e ../libopencm3-examples/libopencm3//lib/libopencm3_stm32f0.a(gpio_common_f0234.o)
 .debug_macro   0x0000000000000000      0x820 ../libopencm3-examples/libopencm3//lib/libopencm3_stm32f0.a(gpio_common_f0234.o)
 .debug_macro   0x0000000000000000       0x22 ../libopencm3-examples/libopencm3//lib/libopencm3_stm32f0.a(gpio_common_f0234.o)
 .debug_macro   0x0000000000000000       0x44 ../libopencm3-examples/libopencm3//lib/libopencm3_stm32f0.a(gpio_common_f0234.o)
 .debug_macro   0x0000000000000000       0xe3 ../libopencm3-examples/libopencm3//lib/libopencm3_stm32f0.a(gpio_common_f0234.o)
 .debug_macro   0x0000000000000000       0x22 ../libopencm3-examples/libopencm3//lib/libopencm3_stm32f0.a(gpio_common_f0234.o)
 .debug_macro   0x0000000000000000      0x1df ../libopencm3-examples/libopencm3//lib/libopencm3_stm32f0.a(gpio_common_f0234.o)
 .debug_macro   0x0000000000000000       0x22 ../libopencm3-examples/libopencm3//lib/libopencm3_stm32f0.a(gpio_common_f0234.o)
 .debug_macro   0x0000000000000000       0xfa ../libopencm3-examples/libopencm3//lib/libopencm3_stm32f0.a(gpio_common_f0234.o)
 .debug_macro   0x0000000000000000       0x34 ../libopencm3-examples/libopencm3//lib/libopencm3_stm32f0.a(gpio_common_f0234.o)
 .debug_macro   0x0000000000000000      0x15a ../libopencm3-examples/libopencm3//lib/libopencm3_stm32f0.a(gpio_common_f0234.o)
 .debug_macro   0x0000000000000000       0x76 ../libopencm3-examples/libopencm3//lib/libopencm3_stm32f0.a(gpio_common_f0234.o)
 .debug_macro   0x0000000000000000      0x2e6 ../libopencm3-examples/libopencm3//lib/libopencm3_stm32f0.a(gpio_common_f0234.o)
 .debug_macro   0x0000000000000000      0x14e ../libopencm3-examples/libopencm3//lib/libopencm3_stm32f0.a(gpio_common_f0234.o)
 .debug_macro   0x0000000000000000       0x3a ../libopencm3-examples/libopencm3//lib/libopencm3_stm32f0.a(gpio_common_f0234.o)
 .group         0x0000000000000000        0x8 ../libopencm3-examples/libopencm3//lib/libopencm3_stm32f0.a(rcc_common_all.o)
 .group         0x0000000000000000        0x8 ../libopencm3-examples/libopencm3//lib/libopencm3_stm32f0.a(rcc_common_all.o)
 .group         0x0000000000000000        0x8 ../libopencm3-examples/libopencm3//lib/libopencm3_stm32f0.a(rcc_common_all.o)
 .group         0x0000000000000000        0x8 ../libopencm3-examples/libopencm3//lib/libopencm3_stm32f0.a(rcc_common_all.o)
 .group         0x0000000000000000        0x8 ../libopencm3-examples/libopencm3//lib/libopencm3_stm32f0.a(rcc_common_all.o)
 .group         0x0000000000000000        0x8 ../libopencm3-examples/libopencm3//lib/libopencm3_stm32f0.a(rcc_common_all.o)
 .group         0x0000000000000000        0x8 ../libopencm3-examples/libopencm3//lib/libopencm3_stm32f0.a(rcc_common_all.o)
 .group         0x0000000000000000        0x8 ../libopencm3-examples/libopencm3//lib/libopencm3_stm32f0.a(rcc_common_all.o)
 .group         0x0000000000000000        0x8 ../libopencm3-examples/libopencm3//lib/libopencm3_stm32f0.a(rcc_common_all.o)
 .group         0x0000000000000000        0x8 ../libopencm3-examples/libopencm3//lib/libopencm3_stm32f0.a(rcc_common_all.o)
 .group         0x0000000000000000        0x8 ../libopencm3-examples/libopencm3//lib/libopencm3_stm32f0.a(rcc_common_all.o)
 .text          0x0000000000000000        0x0 ../libopencm3-examples/libopencm3//lib/libopencm3_stm32f0.a(rcc_common_all.o)
 .data          0x0000000000000000        0x0 ../libopencm3-examples/libopencm3//lib/libopencm3_stm32f0.a(rcc_common_all.o)
 .bss           0x0000000000000000        0x0 ../libopencm3-examples/libopencm3//lib/libopencm3_stm32f0.a(rcc_common_all.o)
 .text.rcc_peripheral_enable_clock
                0x0000000000000000        0x8 ../libopencm3-examples/libopencm3//lib/libopencm3_stm32f0.a(rcc_common_all.o)
 .text.rcc_peripheral_disable_clock
                0x0000000000000000        0x8 ../libopencm3-examples/libopencm3//lib/libopencm3_stm32f0.a(rcc_common_all.o)
 .text.rcc_peripheral_reset
                0x0000000000000000        0x8 ../libopencm3-examples/libopencm3//lib/libopencm3_stm32f0.a(rcc_common_all.o)
 .text.rcc_peripheral_clear_reset
                0x0000000000000000        0x8 ../libopencm3-examples/libopencm3//lib/libopencm3_stm32f0.a(rcc_common_all.o)
 .text.rcc_periph_clock_disable
                0x0000000000000000       0x1c ../libopencm3-examples/libopencm3//lib/libopencm3_stm32f0.a(rcc_common_all.o)
 .text.rcc_periph_reset_pulse
                0x0000000000000000       0x24 ../libopencm3-examples/libopencm3//lib/libopencm3_stm32f0.a(rcc_common_all.o)
 .text.rcc_periph_reset_hold
                0x0000000000000000       0x20 ../libopencm3-examples/libopencm3//lib/libopencm3_stm32f0.a(rcc_common_all.o)
 .text.rcc_periph_reset_release
                0x0000000000000000       0x1c ../libopencm3-examples/libopencm3//lib/libopencm3_stm32f0.a(rcc_common_all.o)
 .text.rcc_set_mco
                0x0000000000000000       0x18 ../libopencm3-examples/libopencm3//lib/libopencm3_stm32f0.a(rcc_common_all.o)
 .debug_macro   0x0000000000000000      0x820 ../libopencm3-examples/libopencm3//lib/libopencm3_stm32f0.a(rcc_common_all.o)
 .debug_macro   0x0000000000000000       0x22 ../libopencm3-examples/libopencm3//lib/libopencm3_stm32f0.a(rcc_common_all.o)
 .debug_macro   0x0000000000000000       0x44 ../libopencm3-examples/libopencm3//lib/libopencm3_stm32f0.a(rcc_common_all.o)
 .debug_macro   0x0000000000000000       0xe3 ../libopencm3-examples/libopencm3//lib/libopencm3_stm32f0.a(rcc_common_all.o)
 .debug_macro   0x0000000000000000       0x22 ../libopencm3-examples/libopencm3//lib/libopencm3_stm32f0.a(rcc_common_all.o)
 .debug_macro   0x0000000000000000      0x1df ../libopencm3-examples/libopencm3//lib/libopencm3_stm32f0.a(rcc_common_all.o)
 .debug_macro   0x0000000000000000       0x22 ../libopencm3-examples/libopencm3//lib/libopencm3_stm32f0.a(rcc_common_all.o)
 .debug_macro   0x0000000000000000       0xfa ../libopencm3-examples/libopencm3//lib/libopencm3_stm32f0.a(rcc_common_all.o)
 .debug_macro   0x0000000000000000       0x34 ../libopencm3-examples/libopencm3//lib/libopencm3_stm32f0.a(rcc_common_all.o)
 .debug_macro   0x0000000000000000      0x15a ../libopencm3-examples/libopencm3//lib/libopencm3_stm32f0.a(rcc_common_all.o)
 .group         0x0000000000000000        0x8 ../libopencm3-examples/libopencm3//lib/libopencm3_stm32f0.a(vector.o)
 .group         0x0000000000000000        0x8 ../libopencm3-examples/libopencm3//lib/libopencm3_stm32f0.a(vector.o)
 .group         0x0000000000000000        0x8 ../libopencm3-examples/libopencm3//lib/libopencm3_stm32f0.a(vector.o)
 .group         0x0000000000000000        0x8 ../libopencm3-examples/libopencm3//lib/libopencm3_stm32f0.a(vector.o)
 .group         0x0000000000000000        0x8 ../libopencm3-examples/libopencm3//lib/libopencm3_stm32f0.a(vector.o)
 .group         0x0000000000000000        0x8 ../libopencm3-examples/libopencm3//lib/libopencm3_stm32f0.a(vector.o)
 .group         0x0000000000000000        0x8 ../libopencm3-examples/libopencm3//lib/libopencm3_stm32f0.a(vector.o)
 .group         0x0000000000000000        0x8 ../libopencm3-examples/libopencm3//lib/libopencm3_stm32f0.a(vector.o)
 .group         0x0000000000000000        0x8 ../libopencm3-examples/libopencm3//lib/libopencm3_stm32f0.a(vector.o)
 .group         0x0000000000000000        0x8 ../libopencm3-examples/libopencm3//lib/libopencm3_stm32f0.a(vector.o)
 .group         0x0000000000000000        0x8 ../libopencm3-examples/libopencm3//lib/libopencm3_stm32f0.a(vector.o)
 .group         0x0000000000000000        0x8 ../libopencm3-examples/libopencm3//lib/libopencm3_stm32f0.a(vector.o)
 .text          0x0000000000000000        0x0 ../libopencm3-examples/libopencm3//lib/libopencm3_stm32f0.a(vector.o)
 .data          0x0000000000000000        0x0 ../libopencm3-examples/libopencm3//lib/libopencm3_stm32f0.a(vector.o)
 .bss           0x0000000000000000        0x0 ../libopencm3-examples/libopencm3//lib/libopencm3_stm32f0.a(vector.o)
 .debug_macro   0x0000000000000000      0x820 ../libopencm3-examples/libopencm3//lib/libopencm3_stm32f0.a(vector.o)
 .debug_macro   0x0000000000000000       0x34 ../libopencm3-examples/libopencm3//lib/libopencm3_stm32f0.a(vector.o)
 .debug_macro   0x0000000000000000       0x22 ../libopencm3-examples/libopencm3//lib/libopencm3_stm32f0.a(vector.o)
 .debug_macro   0x0000000000000000       0x44 ../libopencm3-examples/libopencm3//lib/libopencm3_stm32f0.a(vector.o)
 .debug_macro   0x0000000000000000       0xe3 ../libopencm3-examples/libopencm3//lib/libopencm3_stm32f0.a(vector.o)
 .debug_macro   0x0000000000000000       0x22 ../libopencm3-examples/libopencm3//lib/libopencm3_stm32f0.a(vector.o)
 .debug_macro   0x0000000000000000      0x1df ../libopencm3-examples/libopencm3//lib/libopencm3_stm32f0.a(vector.o)
 .debug_macro   0x0000000000000000       0x22 ../libopencm3-examples/libopencm3//lib/libopencm3_stm32f0.a(vector.o)
 .debug_macro   0x0000000000000000       0xfa ../libopencm3-examples/libopencm3//lib/libopencm3_stm32f0.a(vector.o)

Memory Configuration

Name             Origin             Length             Attributes
rom              0x0000000008000000 0x0000000000010000 xr
ram              0x0000000020000000 0x0000000000002000 xrw
*default*        0x0000000000000000 0xffffffffffffffff

Linker script and memory map

LOAD sandbox.o
LOAD ../libopencm3-examples/libopencm3//lib/libopencm3_stm32f0.a
START GROUP
LOAD /usr/lib/gcc/arm-none-eabi/4.9.3/../../../arm-none-eabi/lib/armv6-m/libc.a
LOAD /usr/lib/gcc/arm-none-eabi/4.9.3/armv6-m/libgcc.a
LOAD /usr/lib/gcc/arm-none-eabi/4.9.3/../../../arm-none-eabi/lib/armv6-m/libnosys.a
END GROUP
START GROUP
LOAD /usr/lib/gcc/arm-none-eabi/4.9.3/armv6-m/libgcc.a
LOAD /usr/lib/gcc/arm-none-eabi/4.9.3/../../../arm-none-eabi/lib/armv6-m/libc.a
END GROUP

.text           0x0000000008000000      0x1f4
 *(.vectors)
 .vectors       0x0000000008000000       0xc0 ../libopencm3-examples/libopencm3//lib/libopencm3_stm32f0.a(vector.o)
                0x0000000008000000                vector_table
 *(.text*)
 .text.startup.main
                0x00000000080000c0       0x38 sandbox.o
                0x00000000080000c0                main
 .text.gpio_toggle
                0x00000000080000f8       0x10 ../libopencm3-examples/libopencm3//lib/libopencm3_stm32f0.a(gpio_common_all.o)
                0x00000000080000f8                gpio_toggle
 .text.gpio_mode_setup
                0x0000000008000108       0x3c ../libopencm3-examples/libopencm3//lib/libopencm3_stm32f0.a(gpio_common_f0234.o)
                0x0000000008000108                gpio_mode_setup
 .text.rcc_periph_clock_enable
                0x0000000008000144       0x20 ../libopencm3-examples/libopencm3//lib/libopencm3_stm32f0.a(rcc_common_all.o)
                0x0000000008000144                rcc_periph_clock_enable
 .text.blocking_handler
                0x0000000008000164        0x2 ../libopencm3-examples/libopencm3//lib/libopencm3_stm32f0.a(vector.o)
                0x0000000008000164                rtc_isr
                0x0000000008000164                tim7_isr
                0x0000000008000164                blocking_handler
                0x0000000008000164                tsc_isr
                0x0000000008000164                spi1_isr
                0x0000000008000164                i2c1_isr
                0x0000000008000164                tim17_isr
                0x0000000008000164                i2c2_isr
                0x0000000008000164                usart1_isr
                0x0000000008000164                usart3_4_isr
                0x0000000008000164                tim1_cc_isr
                0x0000000008000164                exti2_3_isr
                0x0000000008000164                tim16_isr
                0x0000000008000164                pvd_isr
                0x0000000008000164                rcc_isr
                0x0000000008000164                flash_isr
                0x0000000008000164                hard_fault_handler
                0x0000000008000164                tim14_isr
                0x0000000008000164                spi2_isr
                0x0000000008000164                usb_isr
                0x0000000008000164                tim15_isr
                0x0000000008000164                tim3_isr
                0x0000000008000164                usart2_isr
                0x0000000008000164                adc_comp_isr
                0x0000000008000164                dma1_channel1_isr
                0x0000000008000164                tim6_dac_isr
                0x0000000008000164                tim1_brk_up_trg_com_isr
                0x0000000008000164                dma1_channel2_3_isr
                0x0000000008000164                exti4_15_isr
                0x0000000008000164                cec_can_isr
                0x0000000008000164                wwdg_isr
                0x0000000008000164                tim2_isr
                0x0000000008000164                dma1_channel4_5_isr
                0x0000000008000164                exti0_1_isr
 .text.null_handler
                0x0000000008000166        0x2 ../libopencm3-examples/libopencm3//lib/libopencm3_stm32f0.a(vector.o)
                0x0000000008000166                null_handler
                0x0000000008000166                sv_call_handler
                0x0000000008000166                pend_sv_handler
                0x0000000008000166                sys_tick_handler
                0x0000000008000166                nmi_handler
 .text.reset_handler
                0x0000000008000168       0x8c ../libopencm3-examples/libopencm3//lib/libopencm3_stm32f0.a(vector.o)
                0x0000000008000168                reset_handler
                0x00000000080001f4                . = ALIGN (0x4)
 *(.rodata*)
                0x00000000080001f4                . = ALIGN (0x4)

.glue_7         0x00000000080001f4        0x0
 .glue_7        0x00000000080001f4        0x0 linker stubs

.glue_7t        0x00000000080001f4        0x0
 .glue_7t       0x00000000080001f4        0x0 linker stubs

.vfp11_veneer   0x00000000080001f4        0x0
 .vfp11_veneer  0x00000000080001f4        0x0 linker stubs

.v4_bx          0x00000000080001f4        0x0
 .v4_bx         0x00000000080001f4        0x0 linker stubs

.iplt           0x00000000080001f4        0x0
 .iplt          0x00000000080001f4        0x0 sandbox.o

.rel.dyn        0x00000000080001f4        0x0
 .rel.iplt      0x00000000080001f4        0x0 sandbox.o

.preinit_array  0x00000000080001f4        0x0
                0x00000000080001f4                . = ALIGN (0x4)
                0x00000000080001f4                __preinit_array_start = .
 *(.preinit_array)
                0x00000000080001f4                __preinit_array_end = .

.init_array     0x00000000080001f4        0x0
                0x00000000080001f4                . = ALIGN (0x4)
                0x00000000080001f4                __init_array_start = .
 *(SORT(.init_array.*))
 *(.init_array)
                0x00000000080001f4                __init_array_end = .

.fini_array     0x00000000080001f4        0x0
                0x00000000080001f4                . = ALIGN (0x4)
                0x00000000080001f4                __fini_array_start = .
 *(.fini_array)
 *(SORT(.fini_array.*))
                0x00000000080001f4                __fini_array_end = .

.ARM.extab
 *(.ARM.extab*)

.ARM.exidx      0x00000000080001f4        0x0
                0x00000000080001f4                __exidx_start = .
 *(.ARM.exidx*)
                0x00000000080001f4                __exidx_end = .
                0x00000000080001f4                . = ALIGN (0x4)
                0x00000000080001f4                _etext = .

.data           0x0000000020000000        0x0 load address 0x00000000080001f4
                0x0000000020000000                _data = .
 *(.data*)
                0x0000000020000000                . = ALIGN (0x4)
                0x0000000020000000                _edata = .
                0x00000000080001f4                _data_loadaddr = LOADADDR (.data)

.igot.plt       0x0000000020000000        0x0 load address 0x00000000080001f4
 .igot.plt      0x0000000020000000        0x0 sandbox.o

.bss            0x0000000020000000        0x0 load address 0x00000000080001f4
 *(.bss*)
 *(COMMON)
                0x0000000020000000                . = ALIGN (0x4)
                0x0000000020000000                _ebss = .

/DISCARD/
 *(.eh_frame)
                0x0000000020000000                . = ALIGN (0x4)
                0x0000000020000000                end = .
                0x0000000020002000                PROVIDE (_stack, (ORIGIN (ram) + LENGTH (ram)))
OUTPUT(sandbox.elf elf32-littlearm)

.debug_info     0x0000000000000000      0xde2
 .debug_info    0x0000000000000000      0x2b5 sandbox.o
 .debug_info    0x00000000000002b5      0x22c ../libopencm3-examples/libopencm3//lib/libopencm3_stm32f0.a(gpio_common_all.o)
 .debug_info    0x00000000000004e1      0x1f3 ../libopencm3-examples/libopencm3//lib/libopencm3_stm32f0.a(gpio_common_f0234.o)
 .debug_info    0x00000000000006d4      0x46b ../libopencm3-examples/libopencm3//lib/libopencm3_stm32f0.a(rcc_common_all.o)
 .debug_info    0x0000000000000b3f      0x2a3 ../libopencm3-examples/libopencm3//lib/libopencm3_stm32f0.a(vector.o)

.debug_abbrev   0x0000000000000000      0x4bc
 .debug_abbrev  0x0000000000000000       0xfc sandbox.o
 .debug_abbrev  0x00000000000000fc      0x10e ../libopencm3-examples/libopencm3//lib/libopencm3_stm32f0.a(gpio_common_all.o)
 .debug_abbrev  0x000000000000020a       0xb7 ../libopencm3-examples/libopencm3//lib/libopencm3_stm32f0.a(gpio_common_f0234.o)
 .debug_abbrev  0x00000000000002c1       0xd0 ../libopencm3-examples/libopencm3//lib/libopencm3_stm32f0.a(rcc_common_all.o)
 .debug_abbrev  0x0000000000000391      0x12b ../libopencm3-examples/libopencm3//lib/libopencm3_stm32f0.a(vector.o)

.debug_loc      0x0000000000000000      0x404
 .debug_loc     0x0000000000000000       0x4d sandbox.o
 .debug_loc     0x000000000000004d       0x76 ../libopencm3-examples/libopencm3//lib/libopencm3_stm32f0.a(gpio_common_all.o)
 .debug_loc     0x00000000000000c3      0x17f ../libopencm3-examples/libopencm3//lib/libopencm3_stm32f0.a(gpio_common_f0234.o)
 .debug_loc     0x0000000000000242      0x108 ../libopencm3-examples/libopencm3//lib/libopencm3_stm32f0.a(rcc_common_all.o)
 .debug_loc     0x000000000000034a       0xba ../libopencm3-examples/libopencm3//lib/libopencm3_stm32f0.a(vector.o)

.debug_aranges  0x0000000000000000      0x138
 .debug_aranges
                0x0000000000000000       0x20 sandbox.o
 .debug_aranges
                0x0000000000000020       0x50 ../libopencm3-examples/libopencm3//lib/libopencm3_stm32f0.a(gpio_common_all.o)
 .debug_aranges
                0x0000000000000070       0x30 ../libopencm3-examples/libopencm3//lib/libopencm3_stm32f0.a(gpio_common_f0234.o)
 .debug_aranges
                0x00000000000000a0       0x68 ../libopencm3-examples/libopencm3//lib/libopencm3_stm32f0.a(rcc_common_all.o)
 .debug_aranges
                0x0000000000000108       0x30 ../libopencm3-examples/libopencm3//lib/libopencm3_stm32f0.a(vector.o)

.debug_ranges   0x0000000000000000       0xe8
 .debug_ranges  0x0000000000000000       0x10 sandbox.o
 .debug_ranges  0x0000000000000010       0x40 ../libopencm3-examples/libopencm3//lib/libopencm3_stm32f0.a(gpio_common_all.o)
 .debug_ranges  0x0000000000000050       0x20 ../libopencm3-examples/libopencm3//lib/libopencm3_stm32f0.a(gpio_common_f0234.o)
 .debug_ranges  0x0000000000000070       0x58 ../libopencm3-examples/libopencm3//lib/libopencm3_stm32f0.a(rcc_common_all.o)
 .debug_ranges  0x00000000000000c8       0x20 ../libopencm3-examples/libopencm3//lib/libopencm3_stm32f0.a(vector.o)

.debug_line     0x0000000000000000      0xc25
 .debug_line    0x0000000000000000      0x169 sandbox.o
 .debug_line    0x0000000000000169      0x2bb ../libopencm3-examples/libopencm3//lib/libopencm3_stm32f0.a(gpio_common_all.o)
 .debug_line    0x0000000000000424      0x2a8 ../libopencm3-examples/libopencm3//lib/libopencm3_stm32f0.a(gpio_common_f0234.o)
 .debug_line    0x00000000000006cc      0x2c7 ../libopencm3-examples/libopencm3//lib/libopencm3_stm32f0.a(rcc_common_all.o)
 .debug_line    0x0000000000000993      0x292 ../libopencm3-examples/libopencm3//lib/libopencm3_stm32f0.a(vector.o)

.debug_str      0x0000000000000000     0x8c33
 .debug_str     0x0000000000000000      0x29b sandbox.o
                                        0x33e (size before relaxing)
 .debug_str     0x000000000000029b     0x505d ../libopencm3-examples/libopencm3//lib/libopencm3_stm32f0.a(gpio_common_all.o)
                                       0x51f6 (size before relaxing)
 .debug_str     0x00000000000052f8       0x8a ../libopencm3-examples/libopencm3//lib/libopencm3_stm32f0.a(gpio_common_f0234.o)
                                       0x5218 (size before relaxing)
 .debug_str     0x0000000000005382     0x2623 ../libopencm3-examples/libopencm3//lib/libopencm3_stm32f0.a(rcc_common_all.o)
                                       0x64b5 (size before relaxing)
 .debug_str     0x00000000000079a5     0x128e ../libopencm3-examples/libopencm3//lib/libopencm3_stm32f0.a(vector.o)
                                       0x4687 (size before relaxing)

.comment        0x0000000000000000       0x38
 .comment       0x0000000000000000       0x38 sandbox.o
                                         0x39 (size before relaxing)
 .comment       0x0000000000000038       0x39 ../libopencm3-examples/libopencm3//lib/libopencm3_stm32f0.a(gpio_common_all.o)
 .comment       0x0000000000000038       0x39 ../libopencm3-examples/libopencm3//lib/libopencm3_stm32f0.a(gpio_common_f0234.o)
 .comment       0x0000000000000038       0x39 ../libopencm3-examples/libopencm3//lib/libopencm3_stm32f0.a(rcc_common_all.o)
 .comment       0x0000000000000038       0x39 ../libopencm3-examples/libopencm3//lib/libopencm3_stm32f0.a(vector.o)

.ARM.attributes
                0x0000000000000000       0x31
 .ARM.attributes
                0x0000000000000000       0x31 sandbox.o
 .ARM.attributes
                0x0000000000000031       0x31 ../libopencm3-examples/libopencm3//lib/libopencm3_stm32f0.a(gpio_common_all.o)
 .ARM.attributes
                0x0000000000000062       0x31 ../libopencm3-examples/libopencm3//lib/libopencm3_stm32f0.a(gpio_common_f0234.o)
 .ARM.attributes
                0x0000000000000093       0x31 ../libopencm3-examples/libopencm3//lib/libopencm3_stm32f0.a(rcc_common_all.o)
 .ARM.attributes
                0x00000000000000c4       0x31 ../libopencm3-examples/libopencm3//lib/libopencm3_stm32f0.a(vector.o)

.debug_frame    0x0000000000000000      0x218
 .debug_frame   0x0000000000000000       0x28 sandbox.o
 .debug_frame   0x0000000000000028       0x80 ../libopencm3-examples/libopencm3//lib/libopencm3_stm32f0.a(gpio_common_all.o)
 .debug_frame   0x00000000000000a8       0x70 ../libopencm3-examples/libopencm3//lib/libopencm3_stm32f0.a(gpio_common_f0234.o)
 .debug_frame   0x0000000000000118       0xc0 ../libopencm3-examples/libopencm3//lib/libopencm3_stm32f0.a(rcc_common_all.o)
 .debug_frame   0x00000000000001d8       0x40 ../libopencm3-examples/libopencm3//lib/libopencm3_stm32f0.a(vector.o)

.debug_macro    0x0000000000000000     0x1fd3
 .debug_macro   0x0000000000000000       0xc8 ../libopencm3-examples/libopencm3//lib/libopencm3_stm32f0.a(gpio_common_all.o)
 .debug_macro   0x00000000000000c8      0x820 ../libopencm3-examples/libopencm3//lib/libopencm3_stm32f0.a(gpio_common_all.o)
 .debug_macro   0x00000000000008e8       0x22 ../libopencm3-examples/libopencm3//lib/libopencm3_stm32f0.a(gpio_common_all.o)
 .debug_macro   0x000000000000090a       0x44 ../libopencm3-examples/libopencm3//lib/libopencm3_stm32f0.a(gpio_common_all.o)
 .debug_macro   0x000000000000094e       0xe3 ../libopencm3-examples/libopencm3//lib/libopencm3_stm32f0.a(gpio_common_all.o)
 .debug_macro   0x0000000000000a31       0x22 ../libopencm3-examples/libopencm3//lib/libopencm3_stm32f0.a(gpio_common_all.o)
 .debug_macro   0x0000000000000a53      0x1df ../libopencm3-examples/libopencm3//lib/libopencm3_stm32f0.a(gpio_common_all.o)
 .debug_macro   0x0000000000000c32       0x22 ../libopencm3-examples/libopencm3//lib/libopencm3_stm32f0.a(gpio_common_all.o)
 .debug_macro   0x0000000000000c54       0xfa ../libopencm3-examples/libopencm3//lib/libopencm3_stm32f0.a(gpio_common_all.o)
 .debug_macro   0x0000000000000d4e       0x34 ../libopencm3-examples/libopencm3//lib/libopencm3_stm32f0.a(gpio_common_all.o)
 .debug_macro   0x0000000000000d82      0x15a ../libopencm3-examples/libopencm3//lib/libopencm3_stm32f0.a(gpio_common_all.o)
 .debug_macro   0x0000000000000edc       0x76 ../libopencm3-examples/libopencm3//lib/libopencm3_stm32f0.a(gpio_common_all.o)
 .debug_macro   0x0000000000000f52      0x2e6 ../libopencm3-examples/libopencm3//lib/libopencm3_stm32f0.a(gpio_common_all.o)
 .debug_macro   0x0000000000001238      0x14e ../libopencm3-examples/libopencm3//lib/libopencm3_stm32f0.a(gpio_common_all.o)
 .debug_macro   0x0000000000001386       0x3a ../libopencm3-examples/libopencm3//lib/libopencm3_stm32f0.a(gpio_common_all.o)
 .debug_macro   0x00000000000013c0       0xc8 ../libopencm3-examples/libopencm3//lib/libopencm3_stm32f0.a(gpio_common_f0234.o)
 .debug_macro   0x0000000000001488       0xc0 ../libopencm3-examples/libopencm3//lib/libopencm3_stm32f0.a(rcc_common_all.o)
 .debug_macro   0x0000000000001548      0x71c ../libopencm3-examples/libopencm3//lib/libopencm3_stm32f0.a(rcc_common_all.o)
 .debug_macro   0x0000000000001c64       0xc1 ../libopencm3-examples/libopencm3//lib/libopencm3_stm32f0.a(vector.o)
 .debug_macro   0x0000000000001d25      0x19e ../libopencm3-examples/libopencm3//lib/libopencm3_stm32f0.a(vector.o)
 .debug_macro   0x0000000000001ec3       0x46 ../libopencm3-examples/libopencm3//lib/libopencm3_stm32f0.a(vector.o)
 .debug_macro   0x0000000000001f09       0xca ../libopencm3-examples/libopencm3//lib/libopencm3_stm32f0.a(vector.o)
